[2025-10-21 10:15:30] INFO: Application started
[2025-10-21 10:16:45] INFO: User logged in
[2025-10-21 10:17:00] WARNING: Low memory detected
[2025-10-21 10:18:15] ERROR: Connection to database failed
[2025-10-21 10:19:30] INFO: Retrying connection
[2025-10-21 10:20:45] INFO: Connection established
[2025-10-21 10:21:00] ERROR: File not found: config.json
[2025-10-21 10:22:15] WARNING: Cache is full
[2025-10-21 10:23:30] INFO: Processing request
[2025-10-21 10:24:45] ERROR: Invalid user input
[2025-10-21 10:25:00] INFO: Request completed successfully
[2025-10-21 10:26:15] WARNING: High CPU usage detected
[2025-10-21 10:27:30] INFO: Background task started
[2025-10-21 10:28:45] INFO: Data backup initiated
[2025-10-21 10:30:00] INFO: Backup completed successfully
[2025-10-21 10:31:15] WARNING: Disk space running low
[2025-10-21 10:32:30] ERROR: Failed to send notification
[2025-10-21 10:33:45] INFO: Service health check passed
[2025-10-21 10:35:00] INFO: User logged out
[2025-10-21 10:36:15] INFO: Application shutdown
